---
source: src/tui/render/command_palette.rs
assertion_line: 261
expression: output
---



         ┌────────────────────────────────────────────────────────────┐
         │ > done▌                                                    │
         │────────────────────────────────────────────────────────────│
         │ ▶ Mark done                                               x│
         │   Mark done (#wontdo)                                      │
         │   Mark done (#duplicate)                                   │
         │                                                            │
         │   3 of 56 actions                                          │
         └────────────────────────────────────────────────────────────┘
